#
# There is insufficient memory for the Java Runtime Environment to continue.
# Native memory allocation (mmap) failed to map 264241152 bytes. Error detail: G1 virtual space
# Possible reasons:
#   The system is out of physical RAM or swap space
#   This process is running with CompressedOops enabled, and the Java Heap may be blocking the growth of the native heap
# Possible solutions:
#   Reduce memory load on the system
#   Increase physical memory or swap space
#   Check if swap backing store is full
#   Decrease Java heap size (-Xmx/-Xms)
#   Decrease number of Java threads
#   Decrease Java thread stack sizes (-Xss)
#   Set larger code cache with -XX:ReservedCodeCacheSize=
#   JVM is running with Zero Based Compressed Oops mode in which the Java heap is
#     placed in the first 32GB address space. The Java Heap base address is the
#     maximum limit for the native heap growth. Please use -XX:HeapBaseMinAddress
#     to set the Java Heap base and to place the Java Heap above 32GB virtual address.
# This output file may be truncated or incomplete.
#
#  Out of Memory Error (os_windows.cpp:3707), pid=33656, tid=19080
#
# JRE version:  (23.0.2+7) (build )
# Java VM: OpenJDK 64-Bit Server VM (23.0.2+7-58, mixed mode, sharing, tiered, compressed oops, compressed class ptrs, g1 gc, windows-amd64)
# No core dump will be written. Minidumps are not enabled by default on client versions of Windows
#

---------------  S U M M A R Y ------------

Command Line: --module-path=C:\Users\like3\Downloads\openjfx-25_windows-x64_bin-sdk\javafx-sdk-25\lib --add-modules=javafx.controls,javafx.fxml -javaagent:C:\Program Files\JetBrains\IntelliJ IDEA Community Edition 2024.3.4.1\lib\idea_rt.jar=58283 -Dfile.encoding=UTF-8 -Dsun.stdout.encoding=UTF-8 -Dsun.stderr.encoding=UTF-8 com.example.ai.SimulationGUI

Host: Intel(R) Core(TM) i7-10700 CPU @ 2.90GHz, 16 cores, 15G,  Windows 11 , 64 bit Build 26100 (10.0.26100.7019)
Time: Wed Dec  3 14:46:19 2025  Windows 11 , 64 bit Build 26100 (10.0.26100.7019) elapsed time: 1.241348 seconds (0d 0h 0m 1s)

---------------  T H R E A D  ---------------

Current thread (0x00000284c83c4900):  JavaThread "Unknown thread" [_thread_in_vm, id=19080, stack(0x000000a12be00000,0x000000a12bf00000) (1024K)]

Stack: [0x000000a12be00000,0x000000a12bf00000]
Native frames: (J=compiled Java code, j=interpreted, Vv=VM code, C=native code)
V  [jvm.dll+0x6e0b99]  (no source info available)
V  [jvm.dll+0x87e2b3]  (no source info available)
V  [jvm.dll+0x88073e]  (no source info available)
V  [jvm.dll+0x880e13]  (no source info available)
V  [jvm.dll+0x27b006]  (no source info available)
V  [jvm.dll+0x6dd485]  (no source info available)
V  [jvm.dll+0x6d127a]  (no source info available)
V  [jvm.dll+0x35b50a]  (no source info available)
V  [jvm.dll+0x363916]  (no source info available)
V  [jvm.dll+0x34fe7e]  (no source info available)
V  [jvm.dll+0x350118]  (no source info available)
V  [jvm.dll+0x328aec]  (no source info available)
V  [jvm.dll+0x32978e]  (no source info available)
V  [jvm.dll+0x8449a5]  (no source info available)
V  [jvm.dll+0x3b9a08]  (no source info available)
V  [jvm.dll+0x82d68c]  (no source info available)
V  [jvm.dll+0x454f2e]  (no source info available)
V  [jvm.dll+0x456db1]  (no source info available)
C  [jli.dll+0x52a3]  (no source info available)
C  [ucrtbase.dll+0x37b0]  (no source info available)
C  [KERNEL32.DLL+0x2e8d7]  (no source info available)
C  [ntdll.dll+0x8c53c]  (no source info available)

Lock stack of current Java thread (top to bottom):


---------------  P R O C E S S  ---------------

Threads class SMR info:
_java_thread_list=0x00007ffbfae74618, length=0, elements={
}

Java Threads: ( => current thread )
Total: 0

Other Threads:
  0x00000284ca7353d0 WorkerThread "GC Thread#0"                     [id=12424, stack(0x000000a12bf00000,0x000000a12c000000) (1024K)]
  0x00000284ca74bcc0 ConcurrentGCThread "G1 Main Marker"            [id=35540, stack(0x000000a12c000000,0x000000a12c100000) (1024K)]
  0x00000284ca74cf70 WorkerThread "G1 Conc#0"                       [id=3004, stack(0x000000a12c100000,0x000000a12c200000) (1024K)]

[error occurred during error reporting (printing all threads), id 0xc0000005, EXCEPTION_ACCESS_VIOLATION (0xc0000005) at pc=0x00007ffbfa5bc0da]
VM state: not at safepoint (not fully initialized)

VM Mutex/Monitor currently owned by a thread:  ([mutex/lock_event])
[0x00007ffbfaef4988] Heap_lock - owner thread: 0x00000284c83c4900

Heap address: 0x0000000705400000, size: 4012 MB, Compressed Oops mode: Zero based, Oop shift amount: 3

CDS archive(s) mapped at: [0x0000000000000000-0x0000000000000000-0x0000000000000000), size 0, SharedBaseAddress: 0x0000000800000000, ArchiveRelocationMode: 1.
Narrow klass base: 0x0000000000000000, Narrow klass shift: 0, Narrow klass range: 0x0

GC Precious Log:
 CardTable entry size: 512
 Card Set container configuration: InlinePtr #cards 4 size 8 Array Of Cards #cards 16 size 48 Howl #buckets 8 coarsen threshold 3686 Howl Bitmap #cards 512 size 80 coarsen threshold 460 Card regions per heap region 1 cards per card region 4096

Heap:
 garbage-first heap   total reserved 4108288K, committed 0K, used 0K [0x0000000705400000, 0x0000000800000000)
  region size 2048K, 0 young (0K), 0 survivors (0K)

[error occurred during error reporting (printing heap information), id 0xc0000005, EXCEPTION_ACCESS_VIOLATION (0xc0000005) at pc=0x00007ffbfa9bc6a9]
GC Heap History (0 events):
No events

Dll operation events (1 events):
Event: 0.014 Loaded shared library C:\Users\like3\.jdks\openjdk-23.0.2\bin\java.dll

Deoptimization events (0 events):
No events

Classes loaded (0 events):
No events

Classes unloaded (0 events):
No events

Classes redefined (0 events):
No events

Internal exceptions (0 events):
No events

VM Operations (0 events):
No events

Memory protections (0 events):
No events

Nmethod flushes (0 events):
No events

Events (0 events):
No events


Dynamic libraries:
0x00007ff651840000 - 0x00007ff65184e000 	C:\Users\like3\.jdks\openjdk-23.0.2\bin\java.exe
0x00007ffca33a0000 - 0x00007ffca3608000 	C:\Windows\SYSTEM32\ntdll.dll
0x00007ffca1140000 - 0x00007ffca1209000 	C:\Windows\System32\KERNEL32.DLL
0x00007ffca04f0000 - 0x00007ffca08e8000 	C:\Windows\System32\KERNELBASE.dll
0x00007ffca0ff0000 - 0x00007ffca113b000 	C:\Windows\System32\ucrtbase.dll
0x00007ffc87330000 - 0x00007ffc87347000 	C:\Users\like3\.jdks\openjdk-23.0.2\bin\jli.dll
0x00007ffc91380000 - 0x00007ffc9139b000 	C:\Users\like3\.jdks\openjdk-23.0.2\bin\VCRUNTIME140.dll
0x00007ffca13e0000 - 0x00007ffca15a7000 	C:\Windows\System32\USER32.dll
0x00007ffca08f0000 - 0x00007ffca0917000 	C:\Windows\System32\win32u.dll
0x00007ffca2ac0000 - 0x00007ffca2aeb000 	C:\Windows\System32\GDI32.dll
0x00007ffc8b7e0000 - 0x00007ffc8ba74000 	C:\Windows\WinSxS\amd64_microsoft.windows.common-controls_6595b64144ccf1df_6.0.26100.7019_none_3e06ffa0e335b8a8\COMCTL32.dll
0x00007ffca0aa0000 - 0x00007ffca0bcc000 	C:\Windows\System32\gdi32full.dll
0x00007ffca2af0000 - 0x00007ffca2b99000 	C:\Windows\System32\msvcrt.dll
0x00007ffca0d10000 - 0x00007ffca0db3000 	C:\Windows\System32\msvcp_win.dll
0x00007ffca25e0000 - 0x00007ffca2611000 	C:\Windows\System32\IMM32.DLL
0x00007ffc8d510000 - 0x00007ffc8d51c000 	C:\Users\like3\.jdks\openjdk-23.0.2\bin\vcruntime140_1.dll
0x00007ffc77a80000 - 0x00007ffc77b0e000 	C:\Users\like3\.jdks\openjdk-23.0.2\bin\msvcp140.dll
0x00007ffbfa280000 - 0x00007ffbfafd0000 	C:\Users\like3\.jdks\openjdk-23.0.2\bin\server\jvm.dll
0x00007ffca1320000 - 0x00007ffca13d4000 	C:\Windows\System32\ADVAPI32.dll
0x00007ffca2df0000 - 0x00007ffca2e96000 	C:\Windows\System32\sechost.dll
0x00007ffca2cd0000 - 0x00007ffca2de8000 	C:\Windows\System32\RPCRT4.dll
0x00007ffca2840000 - 0x00007ffca28b4000 	C:\Windows\System32\WS2_32.dll
0x00007ffca0350000 - 0x00007ffca03ae000 	C:\Windows\SYSTEM32\POWRPROF.dll
0x00007ffc8eeb0000 - 0x00007ffc8eee5000 	C:\Windows\SYSTEM32\WINMM.dll
0x00007ffc96d30000 - 0x00007ffc96d3b000 	C:\Windows\SYSTEM32\VERSION.dll
0x00007ffca0330000 - 0x00007ffca0344000 	C:\Windows\SYSTEM32\UMPDC.dll
0x00007ffc9f270000 - 0x00007ffc9f28b000 	C:\Windows\SYSTEM32\kernel.appcore.dll
0x00007ffc89f40000 - 0x00007ffc89f4a000 	C:\Users\like3\.jdks\openjdk-23.0.2\bin\jimage.dll
0x00007ffc9dc20000 - 0x00007ffc9de62000 	C:\Windows\SYSTEM32\DBGHELP.DLL
0x00007ffca1f70000 - 0x00007ffca22fb000 	C:\Windows\System32\combase.dll
0x00007ffca2950000 - 0x00007ffca2a27000 	C:\Windows\System32\OLEAUT32.dll
0x00007ffc72d60000 - 0x00007ffc72d9c000 	C:\Windows\SYSTEM32\dbgcore.DLL
0x00007ffca0c60000 - 0x00007ffca0d05000 	C:\Windows\System32\bcryptPrimitives.dll
0x00007ffc87300000 - 0x00007ffc8730f000 	C:\Users\like3\.jdks\openjdk-23.0.2\bin\instrument.dll
0x00007ffc87090000 - 0x00007ffc870ae000 	C:\Users\like3\.jdks\openjdk-23.0.2\bin\java.dll
0x00007ffca2620000 - 0x00007ffca27b7000 	C:\Windows\System32\ole32.dll
0x00007ffca1630000 - 0x00007ffca1d7f000 	C:\Windows\System32\SHELL32.dll
0x00007ffca0e80000 - 0x00007ffca0feb000 	C:\Windows\System32\wintypes.dll

dbghelp: loaded successfully - version: 4.0.5 - missing functions: none
symbol engine: initialized successfully - sym options: 0x614 - pdb path: .;C:\Users\like3\.jdks\openjdk-23.0.2\bin;C:\Windows\SYSTEM32;C:\Windows\WinSxS\amd64_microsoft.windows.common-controls_6595b64144ccf1df_6.0.26100.7019_none_3e06ffa0e335b8a8;C:\Users\like3\.jdks\openjdk-23.0.2\bin\server

VM Arguments:
jvm_args: --module-path=C:\Users\like3\Downloads\openjfx-25_windows-x64_bin-sdk\javafx-sdk-25\lib --add-modules=javafx.controls,javafx.fxml -javaagent:C:\Program Files\JetBrains\IntelliJ IDEA Community Edition 2024.3.4.1\lib\idea_rt.jar=58283 -Dfile.encoding=UTF-8 -Dsun.stdout.encoding=UTF-8 -Dsun.stderr.encoding=UTF-8 
java_command: com.example.ai.SimulationGUI
java_class_path (initial): C:\Users\like3\OneDrive - 인하대학교\JAVA 관련\AISimulationProject\out\production\AISimulationProject;C:\Users\like3\Downloads\openjfx-25_windows-x64_bin-sdk\javafx-sdk-25\lib\javafx-swt.jar;C:\Users\like3\Downloads\openjfx-25_windows-x64_bin-sdk\javafx-sdk-25\lib\javafx.web.jar;C:\Users\like3\Downloads\openjfx-25_windows-x64_bin-sdk\javafx-sdk-25\lib\javafx.base.jar;C:\Users\like3\Downloads\openjfx-25_windows-x64_bin-sdk\javafx-sdk-25\lib\javafx.fxml.jar;C:\Users\like3\Downloads\openjfx-25_windows-x64_bin-sdk\javafx-sdk-25\lib\javafx.media.jar;C:\Users\like3\Downloads\openjfx-25_windows-x64_bin-sdk\javafx-sdk-25\lib\javafx.swing.jar;C:\Users\like3\Downloads\openjfx-25_windows-x64_bin-sdk\javafx-sdk-25\lib\jdk.jsobject.jar;C:\Users\like3\Downloads\openjfx-25_windows-x64_bin-sdk\javafx-sdk-25\lib\javafx.controls.jar;C:\Users\like3\Downloads\openjfx-25_windows-x64_bin-sdk\javafx-sdk-25\lib\javafx.graphics.jar;C:\Users\like3\Downloads\openjfx-25_windows-x64_bin-sdk\javafx-sdk-25\lib\jfx.incubator.input.jar;C:\Users\like3\Downloads\openjfx-25_windows-x64_bin-sdk\javafx-sdk-25\lib\jfx.incubator.richtext.jar
Launcher Type: SUN_STANDARD

[Global flags]
     intx CICompilerCount                          = 12                                        {product} {ergonomic}
     uint ConcGCThreads                            = 3                                         {product} {ergonomic}
     uint G1ConcRefinementThreads                  = 13                                        {product} {ergonomic}
   size_t G1HeapRegionSize                         = 2097152                                   {product} {ergonomic}
   size_t InitialHeapSize                          = 264241152                                 {product} {ergonomic}
   size_t MarkStackSize                            = 4194304                                   {product} {ergonomic}
   size_t MarkStackSizeMax                         = 536870912                                 {product} {ergonomic}
   size_t MaxHeapSize                              = 4206886912                                {product} {ergonomic}
   size_t MinHeapDeltaBytes                        = 2097152                                   {product} {ergonomic}
   size_t MinHeapSize                              = 8388608                                   {product} {ergonomic}
    uintx NonNMethodCodeHeapSize                   = 7602176                                {pd product} {ergonomic}
    uintx NonProfiledCodeHeapSize                  = 122093568                              {pd product} {ergonomic}
    uintx ProfiledCodeHeapSize                     = 121962496                              {pd product} {ergonomic}
    uintx ReservedCodeCacheSize                    = 251658240                              {pd product} {ergonomic}
     bool SegmentedCodeCache                       = true                                      {product} {ergonomic}
   size_t SoftMaxHeapSize                          = 4206886912                             {manageable} {ergonomic}
     bool UseCompressedOops                        = true                           {product lp64_product} {ergonomic}
     bool UseG1GC                                  = true                                      {product} {ergonomic}
     bool UseLargePagesIndividualAllocation        = false                                  {pd product} {ergonomic}

Logging:
Log output configuration:
 #0: stdout all=warning uptime,level,tags foldmultilines=false
 #1: stderr all=off uptime,level,tags foldmultilines=false

Environment Variables:
PATH=C:\Program Files\Common Files\Oracle\Java\javapath;C:\Windows\system32;C:\Windows;C:\Windows\System32\Wbem;C:\Windows\System32\WindowsPowerShell\v1.0\;C:\Windows\System32\OpenSSH\;C:\Program Files (x86)\NVIDIA Corporation\PhysX\Common;C:\Program Files\NVIDIA Corporation\NVIDIA NvDLISR;C:\Windows\system32;C:\Windows;C:\Windows\System32\Wbem;C:\Windows\System32\WindowsPowerShell\v1.0\;C:\Windows\System32\OpenSSH\;C:\Program Files\dotnet\;C:\Program Files\MATLAB\R2024b\runtime\win64;C:\Program Files\MATLAB\R2024b\bin;C:\Program Files (x86)\Windows Kits\10\Windows Performance Toolkit\;C:\Program Files\Java\jdk-25\bin;C:\Program Files\Git\cmd;C:\Users\like3\AppData\Local\Programs\Python\Python312\Scripts\;C:\Users\like3\AppData\Local\Programs\Python\Python312\;C:\Users\like3\AppData\Local\Programs\Python\Launcher\;C:\Users\like3\AppData\Local\Microsoft\WindowsApps;;C:\Program Files\JetBrains\IntelliJ IDEA Community Edition 2024.3.4.1\bin;
USERNAME=like3
OS=Windows_NT
PROCESSOR_IDENTIFIER=Intel64 Family 6 Model 165 Stepping 5, GenuineIntel
TMP=C:\Users\like3\AppData\Local\Temp
TEMP=C:\Users\like3\AppData\Local\Temp




Periodic native trim disabled

---------------  S Y S T E M  ---------------

OS:
 Windows 11 , 64 bit Build 26100 (10.0.26100.7019)
OS uptime: 13 days 13:12 hours
Hyper-V role detected

CPU: total 16 (initial active 16) (8 cores per cpu, 2 threads per core) family 6 model 165 stepping 5 microcode 0xf8, cx8, cmov, fxsr, ht, mmx, 3dnowpref, sse, sse2, sse3, ssse3, sse4.1, sse4.2, popcnt, lzcnt, tsc, tscinvbit, avx, avx2, aes, erms, clmul, bmi1, bmi2, adx, fma, vzeroupper, clflush, clflushopt, hv, rdtscp, f16c
Processor Information for processor 0
  Max Mhz: 2901, Current Mhz: 1100, Mhz Limit: 2901
Processor Information for processor 1
  Max Mhz: 2901, Current Mhz: 1100, Mhz Limit: 2901
Processor Information for processor 2
  Max Mhz: 2901, Current Mhz: 2901, Mhz Limit: 2901
Processor Information for processor 3
  Max Mhz: 2901, Current Mhz: 1100, Mhz Limit: 2901
Processor Information for processor 4
  Max Mhz: 2901, Current Mhz: 900, Mhz Limit: 2901
Processor Information for processor 5
  Max Mhz: 2901, Current Mhz: 1100, Mhz Limit: 2901
Processor Information for processor 6
  Max Mhz: 2901, Current Mhz: 1100, Mhz Limit: 2901
Processor Information for processor 7
  Max Mhz: 2901, Current Mhz: 1100, Mhz Limit: 2901
Processor Information for processor 8
  Max Mhz: 2901, Current Mhz: 1100, Mhz Limit: 2901
Processor Information for processor 9
  Max Mhz: 2901, Current Mhz: 1100, Mhz Limit: 2901
Processor Information for processor 10
  Max Mhz: 2901, Current Mhz: 2901, Mhz Limit: 2901
Processor Information for processor 11
  Max Mhz: 2901, Current Mhz: 1100, Mhz Limit: 2901
Processor Information for processor 12
  Max Mhz: 2901, Current Mhz: 2901, Mhz Limit: 2901
Processor Information for processor 13
  Max Mhz: 2901, Current Mhz: 1100, Mhz Limit: 2901
Processor Information for processor 14
  Max Mhz: 2901, Current Mhz: 1100, Mhz Limit: 2901
Processor Information for processor 15
  Max Mhz: 2901, Current Mhz: 1100, Mhz Limit: 2901

Memory: 4k page, system-wide physical 16046M (1022M free)
TotalPageFile size 65198M (AvailPageFile size 210M)
current process WorkingSet (physical memory assigned to process): 14M, peak: 14M
current process commit charge ("private bytes"): 71M, peak: 323M

vm_info: OpenJDK 64-Bit Server VM (23.0.2+7-58) for windows-amd64 JRE (23.0.2+7-58), built on 2024-11-29T09:34:55Z with MS VC++ 17.6 (VS2022)

END.
